../Core/Src/main.c:93:5:main	24	static
../Core/Src/main.c:165:6:SystemClock_Config	88	static
../Core/Src/main.c:218:13:MX_USART1_UART_Init	8	static
../Core/Src/main.c:251:13:MX_GPIO_Init	16	static
../Core/Src/main.c:266:6:Sender_HPT_Task	32	static
../Core/Src/main.c:282:6:Sender_LPT_Task	32	static
../Core/Src/main.c:302:6:Receiver_Task	104	static
../Core/Src/main.c:323:6:HAL_UART_RxCpltCallback	24	static,ignoring_inline_asm
../Core/Src/main.c:363:6:HAL_TIM_PeriodElapsedCallback	16	static
../Core/Src/main.c:380:6:Error_Handler	4	static,ignoring_inline_asm
