../Core/Src/main.c:84:6:Send_Uart	16	static
../Core/Src/main.c:97:5:main	16	static
../Core/Src/main.c:197:6:SystemClock_Config	88	static
../Core/Src/main.c:250:13:MX_USART1_UART_Init	8	static
../Core/Src/main.c:283:13:MX_GPIO_Init	16	static
../Core/Src/main.c:297:6:HPT_Task	32	static
../Core/Src/main.c:316:6:MPT_Task	24	static
../Core/Src/main.c:331:6:LPT_Task	32	static
../Core/Src/main.c:362:6:HAL_TIM_PeriodElapsedCallback	16	static
../Core/Src/main.c:379:6:Error_Handler	4	static,ignoring_inline_asm
