../Core/Src/main.c:65:6:send_defaulttask	32	static
../Core/Src/main.c:71:6:send_Task02	16	static
../Core/Src/main.c:77:6:send_Task03	16	static
../Core/Src/main.c:88:5:main	104	static
../Core/Src/main.c:171:6:SystemClock_Config	88	static
../Core/Src/main.c:224:13:MX_USART2_UART_Init	8	static
../Core/Src/main.c:257:13:MX_GPIO_Init	40	static
../Core/Src/main.c:283:6:Task3_init	16	static
../Core/Src/main.c:300:6:StartDefaultTask	16	static
../Core/Src/main.c:318:6:StartTask02	16	static
../Core/Src/main.c:337:6:HAL_TIM_PeriodElapsedCallback	16	static
../Core/Src/main.c:354:6:Error_Handler	4	static,ignoring_inline_asm
