../Core/Src/main.c:105:5:main	16	static
../Core/Src/main.c:196:6:SystemClock_Config	88	static
../Core/Src/main.c:249:13:MX_USART1_UART_Init	8	static
../Core/Src/main.c:282:13:MX_GPIO_Init	16	static
../Core/Src/main.c:296:6:HPT_TASK	200	static
../Core/Src/main.c:334:6:MPT_TASK	192	static
../Core/Src/main.c:364:6:LPT_TASK	192	static
../Core/Src/main.c:392:6:VLPT_TASK	192	static
../Core/Src/main.c:420:6:HAL_UART_RxCpltCallback	24	static,ignoring_inline_asm
../Core/Src/main.c:465:6:HAL_TIM_PeriodElapsedCallback	16	static
../Core/Src/main.c:482:6:Error_Handler	4	static,ignoring_inline_asm
